{
  "timestamp": "2025-09-20 22:23:58.047553",
  "processing_time_ms": null,
  "algorithm_version": "1.0.0",
  "filtering": {
    "valid_time_slots": {
      "cell_regression_003": [
        0,
        1,
        2,
        3,
        4,
        5,
        6,
        7,
        8,
        9,
        10,
        11,
        12,
        13,
        14,
        15,
        16,
        17,
        18,
        19
      ]
    },
    "filter_ratio": 0.0,
    "warning_message": "Generated by PEGProcessingService",
    "preprocessing_stats": {
      "total_samples_before": 20,
      "total_samples_after": 20,
      "removed_by_neighbor_zero": 0,
      "removed_by_dl_ul_zero": 0,
      "removal_ratio": 0.0
    },
    "median_values": {
      "cell_regression_003": {
        "AirMacDLThruAvg": {
          "pre_median": 1500.0,
          "post_median": 1600.0,
          "overall_median": 1550.0,
          "pre_sample_count": 10,
          "post_sample_count": 10
        }
      }
    }
  },
  "abnormal_detection": {
    "range_violations": {
      "Range": []
    },
    "new_statistics": {
      "New": []
    },
    "nd_anomalies": {
      "ND": []
    },
    "zero_anomalies": {
      "Zero": []
    },
    "high_delta_anomalies": {
      "High Delta": []
    },
    "display_results": {
      "Range": true,
      "ND": true,
      "Zero": true,
      "New": true,
      "High Delta": true
    }
  },
  "kpi_judgement": {},
  "ui_summary": {},
  "overall_summary": {
    "processing_completed": true,
    "algorithm_version": "1.0.0",
    "total_warnings": 1
  },
  "config_used": {
    "filtering_thresholds": {
      "min": 0.87,
      "max": 1.13
    },
    "alpha_0": 2,
    "beta_values": {
      "beta_0": 1000.0,
      "beta_1": 5.0,
      "beta_2": 10.0,
      "beta_3": 500.0
    },
    "config_version": "1.0.0"
  },
  "total_cells_analyzed": 0,
  "total_pegs_analyzed": 0,
  "processing_warnings": [
    "Generated by PEGProcessingService"
  ],
  "regression_metadata": {
    "generated_at": "2025-09-20T22:23:58.047782",
    "algorithm_version": "1.0.0",
    "input_file": "exactly_50_percent_filter_input.json",
    "scenario_category": "edge_cases",
    "test_purpose": "50% 규칙의 정확한 경계 조건 검증 (≤ vs >)"
  }
}