{
  "timestamp": "2025-09-20 21:57:02.586702",
  "processing_time_ms": null,
  "algorithm_version": "1.0.0",
  "filtering": {
    "valid_time_slots": {
      "cell_003": [
        0,
        1,
        2,
        3,
        4,
        5,
        6,
        7,
        8,
        9,
        10,
        11,
        12,
        13,
        14,
        15,
        16,
        17,
        18,
        19
      ],
      "cell_004": [
        0,
        1,
        2,
        3,
        4,
        5,
        6,
        7,
        8,
        9,
        10,
        11,
        12,
        13,
        14,
        15,
        16,
        17,
        18,
        19
      ]
    },
    "filter_ratio": 0.5,
    "warning_message": "Generated by PEGProcessingService",
    "preprocessing_stats": {
      "total_samples_before": 100,
      "total_samples_after": 94,
      "removed_by_neighbor_zero": 4,
      "removed_by_dl_ul_zero": 2,
      "removal_ratio": 0.06
    },
    "median_values": {
      "cell_003": {
        "AirMacDLThruAvg": {
          "pre_median": 1065.0,
          "post_median": 1075.0,
          "overall_median": 1070.0,
          "pre_sample_count": 8,
          "post_sample_count": 10
        },
        "AirMacULThruAvg": {
          "pre_median": 512.5,
          "post_median": 542.5,
          "overall_median": 535.0,
          "pre_sample_count": 4,
          "post_sample_count": 10
        },
        "ConnNoAvg": {
          "pre_median": 11.25,
          "post_median": 112.5,
          "overall_median": 51.5,
          "pre_sample_count": 10,
          "post_sample_count": 10
        }
      },
      "cell_004": {
        "AirMacDLThruAvg": {
          "pre_median": 2055.0,
          "post_median": 1855.0,
          "overall_median": 1950.0,
          "pre_sample_count": 10,
          "post_sample_count": 10
        },
        "AirMacDLThruMax": {
          "pre_median": 2255.0,
          "post_median": 2455.0,
          "overall_median": 2350.0,
          "pre_sample_count": 10,
          "post_sample_count": 10
        }
      }
    }
  },
  "abnormal_detection": {
    "range_violations": {
      "Range": [
        "cell_003"
      ]
    },
    "new_statistics": {
      "New": []
    },
    "nd_anomalies": {
      "ND": []
    },
    "zero_anomalies": {
      "Zero": []
    },
    "high_delta_anomalies": {
      "High Delta": [
        "cell_003"
      ]
    },
    "display_results": {
      "Range": true,
      "ND": false,
      "Zero": false,
      "New": false,
      "High Delta": true
    }
  },
  "kpi_judgement": {},
  "ui_summary": {},
  "overall_summary": {
    "processing_completed": true,
    "algorithm_version": "1.0.0",
    "total_warnings": 1
  },
  "config_used": {
    "filtering_thresholds": {
      "min": 0.87,
      "max": 1.13
    },
    "alpha_0": 2,
    "beta_values": {
      "beta_0": 1000.0,
      "beta_1": 5.0,
      "beta_2": 10.0,
      "beta_3": 500.0
    },
    "config_version": "1.0.0"
  },
  "total_cells_analyzed": 0,
  "total_pegs_analyzed": 0,
  "processing_warnings": [
    "Generated by PEGProcessingService"
  ]
}