{
  "timestamp": "2025-09-20 21:57:02.591429",
  "processing_time_ms": null,
  "algorithm_version": "1.0.0",
  "filtering": {
    "valid_time_slots": {
      "cell_005": [
        0,
        1,
        2,
        3,
        4,
        5,
        6,
        7,
        8,
        9,
        10,
        11,
        12,
        13,
        14,
        15,
        16,
        17,
        18,
        19
      ],
      "cell_006": [
        0,
        1,
        2,
        3,
        4,
        5,
        6,
        7,
        8,
        9,
        10,
        11,
        12,
        13,
        14,
        15,
        16,
        17,
        18,
        19
      ]
    },
    "filter_ratio": 0.5,
    "warning_message": "Generated by PEGProcessingService",
    "preprocessing_stats": {
      "total_samples_before": 80,
      "total_samples_after": 80,
      "removed_by_neighbor_zero": 0,
      "removed_by_dl_ul_zero": 0,
      "removal_ratio": 0.0
    },
    "median_values": {
      "cell_005": {
        "AirMacDLThruAvg": {
          "pre_median": 822.5,
          "post_median": 942.5,
          "overall_median": 880.0,
          "pre_sample_count": 10,
          "post_sample_count": 10
        },
        "AirMacULThruAvg": {
          "pre_median": 1222.5,
          "post_median": 1467.0,
          "overall_median": 1340.0,
          "pre_sample_count": 10,
          "post_sample_count": 10
        }
      },
      "cell_006": {
        "AirMacDLThruAvg": {
          "pre_median": 375.0,
          "post_median": 395.0,
          "overall_median": 385.0,
          "pre_sample_count": 10,
          "post_sample_count": 10
        },
        "ConnNoAvg": {
          "pre_median": 5.125,
          "post_median": 35.875,
          "overall_median": 19.799999999999997,
          "pre_sample_count": 10,
          "post_sample_count": 10
        }
      }
    }
  },
  "abnormal_detection": {
    "range_violations": {
      "Range": [
        "cell_006"
      ]
    },
    "new_statistics": {
      "New": []
    },
    "nd_anomalies": {
      "ND": []
    },
    "zero_anomalies": {
      "Zero": []
    },
    "high_delta_anomalies": {
      "High Delta": [
        "cell_006"
      ]
    },
    "display_results": {
      "Range": true,
      "ND": false,
      "Zero": false,
      "New": false,
      "High Delta": true
    }
  },
  "kpi_judgement": {},
  "ui_summary": {},
  "overall_summary": {
    "processing_completed": true,
    "algorithm_version": "1.0.0",
    "total_warnings": 1
  },
  "config_used": {
    "filtering_thresholds": {
      "min": 0.87,
      "max": 1.13
    },
    "alpha_0": 2,
    "beta_values": {
      "beta_0": 1000.0,
      "beta_1": 5.0,
      "beta_2": 10.0,
      "beta_3": 500.0
    },
    "config_version": "1.0.0"
  },
  "total_cells_analyzed": 0,
  "total_pegs_analyzed": 0,
  "processing_warnings": [
    "Generated by PEGProcessingService"
  ]
}