{
  "timestamp": "2025-09-20 21:57:02.600374",
  "processing_time_ms": null,
  "algorithm_version": "1.0.0",
  "filtering": {
    "valid_time_slots": {
      "cell_001": [
        0,
        1,
        2,
        5,
        6,
        7,
        8,
        10,
        11,
        12,
        15,
        16,
        17,
        18
      ],
      "cell_002": [
        0,
        1,
        2,
        3,
        5,
        6,
        7,
        8,
        9,
        10,
        11,
        12,
        13,
        15,
        16,
        17,
        18,
        19
      ]
    },
    "filter_ratio": 0.8,
    "warning_message": null,
    "preprocessing_stats": {
      "total_samples_before": 120,
      "total_samples_after": 120,
      "removed_by_neighbor_zero": 0,
      "removed_by_dl_ul_zero": 0,
      "removal_ratio": 0.0
    },
    "median_values": {
      "cell_001": {
        "AirMacDLThruAvg": {
          "pre_median": 1055.0,
          "post_median": 1075.0,
          "overall_median": 1065.0,
          "pre_sample_count": 10,
          "post_sample_count": 10
        },
        "AirMacDLThruMax": {
          "pre_median": 1255.0,
          "post_median": 1275.0,
          "overall_median": 1265.0,
          "pre_sample_count": 10,
          "post_sample_count": 10
        },
        "ConnNoAvg": {
          "pre_median": 11.25,
          "post_median": 11.399999999999999,
          "overall_median": 11.3,
          "pre_sample_count": 10,
          "post_sample_count": 10
        }
      },
      "cell_002": {
        "AirMacDLThruAvg": {
          "pre_median": 1555.0,
          "post_median": 1575.0,
          "overall_median": 1565.0,
          "pre_sample_count": 10,
          "post_sample_count": 10
        },
        "AirMacDLThruMax": {
          "pre_median": 1755.0,
          "post_median": 1775.0,
          "overall_median": 1765.0,
          "pre_sample_count": 10,
          "post_sample_count": 10
        },
        "ConnNoAvg": {
          "pre_median": 16.25,
          "post_median": 16.4,
          "overall_median": 16.3,
          "pre_sample_count": 10,
          "post_sample_count": 10
        }
      }
    }
  },
  "abnormal_detection": {
    "range_violations": {
      "Range": []
    },
    "new_statistics": {
      "New": []
    },
    "nd_anomalies": {
      "ND": []
    },
    "zero_anomalies": {
      "Zero": []
    },
    "high_delta_anomalies": {
      "High Delta": []
    },
    "display_results": {
      "Range": true,
      "ND": true,
      "Zero": true,
      "New": true,
      "High Delta": true
    }
  },
  "kpi_judgement": {},
  "ui_summary": {},
  "overall_summary": {
    "processing_completed": true,
    "algorithm_version": "1.0.0",
    "total_warnings": 0
  },
  "config_used": {
    "filtering_thresholds": {
      "min": 0.87,
      "max": 1.13
    },
    "alpha_0": 2,
    "beta_values": {
      "beta_0": 1000.0,
      "beta_1": 5.0,
      "beta_2": 10.0,
      "beta_3": 500.0
    },
    "config_version": "1.0.0"
  },
  "total_cells_analyzed": 0,
  "total_pegs_analyzed": 0,
  "processing_warnings": []
}